// Jest Snapshot v1, https://goo.gl/fbAQLP

exports[`Forecast Summary displays the correct values 1`] = `
<DocumentFragment>
  <div
    class="forecast-summary"
    data-testid="forecast-summary"
  >
    <h3
      class="forecast-summary_date"
    >
      Thu Jan 01 1970
    </h3>
    <div
      class="forecast-summary_icon"
      data-testid="forecast-icon"
    >
      <img
        alt="icon"
      />
    </div>
    <h2
      class="forecast-summary_temperature"
    >
      10
      <span>
        â„ƒ
      </span>
    </h2>
    <h2
      class="forecast-summary_description"
    >
      stubdescription
    </h2>
    <button
      type="button"
    >
      More details
    </button>
  </div>
</DocumentFragment>
`;
